> hvigor [32mUP-TO-DATE :entry:default@PreBuild...  [39m
> hvigor [32mFinished :entry:default@CreateModuleInfo... after 7 ms [39m
> hvigor [32mUP-TO-DATE :entry:default@GenerateMetadata...  [39m
> hvigor [32mFinished :entry:default@ConfigureCmake... after 1 ms [39m
> hvigor [32mUP-TO-DATE :entry:default@MergeProfile...  [39m
> hvigor [32mUP-TO-DATE :entry:default@CreateBuildProfile...  [39m
> hvigor [32mFinished :entry:default@PreCheckSyscap... after 1 ms [39m
> hvigor [32mUP-TO-DATE :entry:default@GeneratePkgContextInfo...  [39m
> hvigor [32mFinished :entry:default@GeneratePkgSdkInfo... after 4 ms [39m
> hvigor [32mFinished :entry:default@ProcessIntegratedHsp... after 1 ms [39m
> hvigor [32mFinished :entry:default@BuildNativeWithCmake... after 1 ms [39m
> hvigor [32mUP-TO-DATE :entry:default@MakePackInfo...  [39m
> hvigor [32mFinished :entry:default@SyscapTransform... after 83 ms [39m
> hvigor [32mUP-TO-DATE :entry:default@ProcessProfile...  [39m
> hvigor [32mUP-TO-DATE :entry:default@ProcessRouterMap...  [39m
> hvigor [32mUP-TO-DATE :entry:default@ProcessShareConfig...  [39m
> hvigor [32mFinished :entry:default@ProcessStartupConfig... after 2 ms [39m
> hvigor [32mFinished :entry:default@BuildNativeWithNinja... after 1 ms [39m
> hvigor [32mUP-TO-DATE :entry:default@ProcessResource...  [39m
> hvigor [32mUP-TO-DATE :entry:default@GenerateLoaderJson...  [39m
> hvigor [32mUP-TO-DATE :entry:default@ProcessLibs...  [39m
> hvigor [32mFinished :entry:default@CompileResource... after 1 s 671 ms [39m
> hvigor [32mUP-TO-DATE :entry:default@DoNativeStrip...  [39m
> hvigor [32mFinished :entry:default@BuildJS... after 5 ms [39m
> hvigor [32mUP-TO-DATE :entry:default@CacheNativeLibs...  [39m
> hvigor [91mERROR: Failed :entry:default@CompileArkTS... [39m
> hvigor [91mERROR: ArkTS Compiler Error
[31m1 ERROR: [31m10505001 ArkTS Compiler Error
Error Message: Declaration or statement expected. At File: F:/DevEcoStudioProjects/Callaite/entry/src/main/ets/components/layout/MobileBottomBar.ets:88:5
[39m
[39m
[31m2 ERROR: [31m10505001 ArkTS Compiler Error
Error Message: Declaration or statement expected. At File: F:/DevEcoStudioProjects/Callaite/entry/src/main/ets/components/layout/MobileHeader.ets:46:7
[39m
[39m
[31m3 ERROR: [31m10505001 ArkTS Compiler Error
Error Message: Declaration or statement expected. At File: F:/DevEcoStudioProjects/Callaite/entry/src/main/ets/components/layout/MobileHeader.ets:79:7
[39m
[39m
[31m4 ERROR: [31m10505001 ArkTS Compiler Error
Error Message: Property 'blur' in type 'GlassSurface' is not assignable to the same property in base type 'CustomComponent'.
  Type 'BlurStyle' is not assignable to type '{ (value: number, options?: BlurOptions): CommonAttribute; (blurRadius: number, options?: BlurOptions): CommonAttribute; (blurRadius: number, options?: BlurOptions, sysOptions?: SystemAdaptiveOptions): CommonAttribute; }'. At File: F:/DevEcoStudioProjects/Callaite/entry/src/main/ets/components/common/GlassSurface.ets:29:9
[39m
[39m
[31m5 ERROR: [31m10505001 ArkTS Compiler Error
Error Message: Cannot find name 'width'. Did you mean the instance member 'this.width'? At File: F:/DevEcoStudioProjects/Callaite/entry/src/main/ets/components/layout/MobileHeader.ets:46:8
[39m
[39m
[31m6 ERROR: [31m10505001 ArkTS Compiler Error
Error Message: Cannot find name 'width'. Did you mean the instance member 'this.width'? At File: F:/DevEcoStudioProjects/Callaite/entry/src/main/ets/components/layout/MobileHeader.ets:79:8
[39m
[39m
[31m7 ERROR: [31m10505001 ArkTS Compiler Error
Error Message: Cannot find name 'width'. Did you mean the instance member 'this.width'? At File: F:/DevEcoStudioProjects/Callaite/entry/src/main/ets/components/layout/MobileBottomBar.ets:88:6
[39m
[39m
[31m8 ERROR: [31m10505001 ArkTS Compiler Error
Error Message: No overload matches this call.
  The last overload gave the following error.
    Argument of type '(displayObj: Display) => void' is not assignable to parameter of type 'Callback<number>'.
      Types of parameters 'displayObj' and 'data' are incompatible.
        Type 'number' is not assignable to type 'Display'. At File: F:/DevEcoStudioProjects/Callaite/entry/src/main/ets/components/layout/MainContainer.ets:68:28
[39m
[39m
[31m9 ERROR: [31m10505001 ArkTS Compiler Error
Error Message: No overload matches this call.
  The last overload gave the following error.
    Argument of type '(displayObj: Display) => void' is not assignable to parameter of type 'Callback<number>'.
      Types of parameters 'displayObj' and 'data' are incompatible.
        Type 'number' is not assignable to type 'Display'. At File: F:/DevEcoStudioProjects/Callaite/entry/src/main/ets/components/layout/MainContainer.ets:87:31
[39m
[39m
[31m10 ERROR: [31m10905210 ArkTS Compiler Error
Error Message: In an '@Entry' decorated component, the 'build' method can have only one root node, which must be a container component. At File: F:/DevEcoStudioProjects/Callaite/entry/src/main/ets/components/layout/MobileBottomBar.ets:56:12
[39m
[39m
[31mCOMPILE RESULT:FAIL {ERROR:11}[39m

[31m* Try:
> Run with --stacktrace option to get the stack trace.
> Run with --debug option to get more log output.
[39m
> hvigor [91mERROR: BUILD FAILED in 17 s 683 ms [39m
