> hvigor [32mUP-TO-DATE :entry:default@PreBuild...  [39m
> hvigor [32mFinished :entry:default@CreateModuleInfo... after 1 ms [39m
> hvigor [32mUP-TO-DATE :entry:default@GenerateMetadata...  [39m
> hvigor [32mFinished :entry:default@ConfigureCmake... after 1 ms [39m
> hvigor [32mUP-TO-DATE :entry:default@MergeProfile...  [39m
> hvigor [32mUP-TO-DATE :entry:default@CreateBuildProfile...  [39m
> hvigor [32mFinished :entry:default@PreCheckSyscap... after 1 ms [39m
> hvigor [32mUP-TO-DATE :entry:default@GeneratePkgContextInfo...  [39m
> hvigor [32mFinished :entry:default@GeneratePkgSdkInfo... after 5 ms [39m
> hvigor [32mFinished :entry:default@ProcessIntegratedHsp... after 1 ms [39m
> hvigor [32mFinished :entry:default@BuildNativeWithCmake... after 1 ms [39m
> hvigor [32mUP-TO-DATE :entry:default@MakePackInfo...  [39m
> hvigor [32mFinished :entry:default@SyscapTransform... after 13 ms [39m
> hvigor [32mUP-TO-DATE :entry:default@ProcessProfile...  [39m
> hvigor [32mUP-TO-DATE :entry:default@ProcessRouterMap...  [39m
> hvigor [32mUP-TO-DATE :entry:default@ProcessShareConfig...  [39m
> hvigor [32mFinished :entry:default@ProcessStartupConfig... after 3 ms [39m
> hvigor [32mFinished :entry:default@BuildNativeWithNinja... after 1 ms [39m
> hvigor [32mUP-TO-DATE :entry:default@ProcessResource...  [39m
> hvigor [32mUP-TO-DATE :entry:default@GenerateLoaderJson...  [39m
> hvigor [32mUP-TO-DATE :entry:default@ProcessLibs...  [39m
> hvigor [32mUP-TO-DATE :entry:default@CompileResource...  [39m
> hvigor [32mUP-TO-DATE :entry:default@DoNativeStrip...  [39m
> hvigor [32mFinished :entry:default@BuildJS... after 6 ms [39m
> hvigor [32mUP-TO-DATE :entry:default@CacheNativeLibs...  [39m
> hvigor [91mERROR: Failed :entry:default@CompileArkTS... [39m
> hvigor [91mERROR: ArkTS Compiler Error
[31m1 ERROR: [31m10505001 ArkTS Compiler Error
Error Message: No overload matches this call.
  Overload 1 of 3, '(value: BlurStyle, options?: BackgroundBlurStyleOptions): StackAttribute', gave the following error.
    Argument of type 'BlurStyle | { (value: number, options?: BlurOptions): CommonAttribute; (blurRadius: number, options?: BlurOptions): CommonAttribute; (blurRadius: number, options?: BlurOptions, sysOptions?: SystemAdaptiveOptions): CommonAttribute; }' is not assignable to parameter of type 'BlurStyle'.
      Type '{ (value: number, options?: BlurOptions): CommonAttribute; (blurRadius: number, options?: BlurOptions): CommonAttribute; (blurRadius: number, options?: BlurOptions, sysOptions?: SystemAdaptiveOptions): CommonAttribute; }' is not assignable to type 'BlurStyle'.
  Overload 2 of 3, '(style: BlurStyle, options?: BackgroundBlurStyleOptions): StackAttribute', gave the following error.
    Argument of type 'BlurStyle | { (value: number, options?: BlurOptions): CommonAttribute; (blurRadius: number, options?: BlurOptions): CommonAttribute; (blurRadius: number, options?: BlurOptions, sysOptions?: SystemAdaptiveOptions): CommonAttribute; }' is not assignable to parameter of type 'BlurStyle'.
      Type '{ (value: number, options?: BlurOptions): CommonAttribute; (blurRadius: number, options?: BlurOptions): CommonAttribute; (blurRadius: number, options?: BlurOptions, sysOptions?: SystemAdaptiveOptions): CommonAttribute; }' is not assignable to type 'BlurStyle'.
  Overload 3 of 3, '(style: BlurStyle, options?: BackgroundBlurStyleOptions, sysOptions?: SystemAdaptiveOptions): StackAttribute', gave the following error.
    Argument of type 'BlurStyle | { (value: number, options?: BlurOptions): CommonAttribute; (blurRadius: number, options?: BlurOptions): CommonAttribute; (blurRadius: number, options?: BlurOptions, sysOptions?: SystemAdaptiveOptions): CommonAttribute; }' is not assignable to parameter of type 'BlurStyle'.
      Type '{ (value: number, options?: BlurOptions): CommonAttribute; (blurRadius: number, options?: BlurOptions): CommonAttribute; (blurRadius: number, options?: BlurOptions, sysOptions?: SystemAdaptiveOptions): CommonAttribute; }' is not assignable to type 'BlurStyle'. At File: F:/DevEcoStudioProjects/Callaite/entry/src/main/ets/components/common/GlassSurface.ets:78:26
[39m
[39m
[31mCOMPILE RESULT:FAIL {ERROR:2}[39m

[31m* Try:
> Run with --stacktrace option to get the stack trace.
> Run with --debug option to get more log output.
[39m
> hvigor [91mERROR: BUILD FAILED in 13 s 569 ms [39m
